------------------------------------------------------------
Timing Analyzer Summary
------------------------------------------------------------

Type  : Slow 1200mV 85C Model Setup 'clock_devider1|altpll_component|auto_generated|pll1|clk[0]'
Slack : -3.841
TNS   : -307.330

Type  : Slow 1200mV 85C Model Hold 'clock_devider1|altpll_component|auto_generated|pll1|clk[0]'
Slack : 0.403
TNS   : 0.000

Type  : Slow 1200mV 85C Model Minimum Pulse Width 'clk'
Slack : -3.000
TNS   : -3.000

Type  : Slow 1200mV 85C Model Minimum Pulse Width 'clock_devider1|altpll_component|auto_generated|pll1|clk[0]'
Slack : -0.403
TNS   : -47.554

Type  : Slow 1200mV 0C Model Setup 'clock_devider1|altpll_component|auto_generated|pll1|clk[0]'
Slack : -3.357
TNS   : -266.055

Type  : Slow 1200mV 0C Model Hold 'clock_devider1|altpll_component|auto_generated|pll1|clk[0]'
Slack : 0.324
TNS   : 0.000

Type  : Slow 1200mV 0C Model Minimum Pulse Width 'clk'
Slack : -3.000
TNS   : -3.000

Type  : Slow 1200mV 0C Model Minimum Pulse Width 'clock_devider1|altpll_component|auto_generated|pll1|clk[0]'
Slack : -0.403
TNS   : -47.554

Type  : Fast 1200mV 0C Model Setup 'clock_devider1|altpll_component|auto_generated|pll1|clk[0]'
Slack : -0.366
TNS   : -12.622

Type  : Fast 1200mV 0C Model Hold 'clock_devider1|altpll_component|auto_generated|pll1|clk[0]'
Slack : 0.203
TNS   : 0.000

Type  : Fast 1200mV 0C Model Minimum Pulse Width 'clk'
Slack : -3.000
TNS   : -3.000

Type  : Fast 1200mV 0C Model Minimum Pulse Width 'clock_devider1|altpll_component|auto_generated|pll1|clk[0]'
Slack : 0.000
TNS   : 0.000

------------------------------------------------------------
